// Jest Snapshot v1, https://goo.gl/fbAQLP

exports[`PrivateRoute render correctly when user no auth 1`] = `null`;
