// Jest Snapshot v1, https://goo.gl/fbAQLP

exports[`WithReviewsForm is rendered correctly 1`] = `null`;
