// Jest Snapshot v1, https://goo.gl/fbAQLP

exports[`Should CitiesPlaces render correctly 1`] = `
<section
  className="cities__places places"
>
  <h2
    className="visually-hidden"
  >
    Places
  </h2>
  <b
    className="places__found"
  >
    2
     places to stay in 
    Amsterdam
  </b>
  <form
    action="#"
    className="places__sorting"
    method="get"
  >
    <span
      className="places__sorting-caption"
    >
      Sort by
    </span>
    <select
      className="places__option places__options--custom places__sorting-type"
      id="places-sorting"
      onChange={[Function]}
    >
      <option
        className="places__option"
        value="popular"
      >
        Popular
      </option>
      <option
        className="places__option"
        value="to-high"
      >
        Price: low to high
      </option>
      <option
        className="places__option"
        value="to-low"
      >
        Price: high to low
      </option>
      <option
        className="places__option"
        value="top-rated"
      >
        Top rated first
      </option>
    </select>
  </form>
  <div
    className="cities__places-list places__list tabs__content"
  >
    <article
      className="cities__place-card place-card"
      onMouseOut={[Function]}
      onMouseOver={[Function]}
    >
      <div
        className="place-card__image-wrapper"
        onClick={[Function]}
      >
        <a
          href="#"
        >
          <img
            alt="Place image"
            className="place-card__image"
            height="200"
            src=""
            width="260"
          />
        </a>
      </div>
      <div
        className="place-card__info"
      >
        <div
          className="place-card__price-wrapper"
        >
          <div
            className="place-card__price"
          >
            <b
              className="place-card__price-value"
            >
              €
              20
            </b>
            <span
              className="place-card__price-text"
            >
              / night
            </span>
          </div>
          <button
            className="place-card__bookmark-button button"
            type="button"
          >
            <svg
              className="place-card__bookmark-icon"
              height="19"
              onClick={[Function]}
              width="18"
            >
              <use
                xlinkHref="#icon-bookmark"
              />
            </svg>
            <span
              className="visually-hidden"
            >
              To bookmarks
            </span>
          </button>
        </div>
        <div
          className="place-card__rating rating"
        >
          <div
            className="place-card__stars rating__stars"
          >
            <span
              style={
                Object {
                  "width": "80%",
                }
              }
            />
            <span
              className="visually-hidden"
            >
              Rating
            </span>
          </div>
        </div>
        <h2
          className="place-card__name"
          onClick={[Function]}
        >
          <a
            href="#"
          >
            1Beautiful & luxurious studio at great location
          </a>
        </h2>
        <p
          className="place-card__type"
        >
          apartment
        </p>
      </div>
    </article>
    <article
      className="cities__place-card place-card"
      onMouseOut={[Function]}
      onMouseOver={[Function]}
    >
      <div
        className="place-card__image-wrapper"
        onClick={[Function]}
      >
        <a
          href="#"
        >
          <img
            alt="Place image"
            className="place-card__image"
            height="200"
            src=""
            width="260"
          />
        </a>
      </div>
      <div
        className="place-card__info"
      >
        <div
          className="place-card__price-wrapper"
        >
          <div
            className="place-card__price"
          >
            <b
              className="place-card__price-value"
            >
              €
              70
            </b>
            <span
              className="place-card__price-text"
            >
              / night
            </span>
          </div>
          <button
            className="place-card__bookmark-button button"
            type="button"
          >
            <svg
              className="place-card__bookmark-icon"
              height="19"
              onClick={[Function]}
              width="18"
            >
              <use
                xlinkHref="#icon-bookmark"
              />
            </svg>
            <span
              className="visually-hidden"
            >
              To bookmarks
            </span>
          </button>
        </div>
        <div
          className="place-card__rating rating"
        >
          <div
            className="place-card__stars rating__stars"
          >
            <span
              style={
                Object {
                  "width": "80%",
                }
              }
            />
            <span
              className="visually-hidden"
            >
              Rating
            </span>
          </div>
        </div>
        <h2
          className="place-card__name"
          onClick={[Function]}
        >
          <a
            href="#"
          >
            2Beautiful & luxurious studio at great location
          </a>
        </h2>
        <p
          className="place-card__type"
        >
          room
        </p>
      </div>
    </article>
  </div>
</section>
`;
