// Jest Snapshot v1, https://goo.gl/fbAQLP

exports[`Should ListSort render correctly 1`] = `
<select
  className="places__option places__options--custom places__sorting-type"
  id="places-sorting"
  onChange={[Function]}
>
  <option
    className="places__option"
    value="popular"
  >
    Popular
  </option>
  <option
    className="places__option"
    value="to-high"
  >
    Price: low to high
  </option>
  <option
    className="places__option"
    value="to-low"
  >
    Price: high to low
  </option>
  <option
    className="places__option"
    value="top-rated"
  >
    Top rated first
  </option>
</select>
`;
