// Jest Snapshot v1, https://goo.gl/fbAQLP

exports[`Should FavoriteButtonOfferCard render correctly 1`] = `
<button
  className="place-card__bookmark-button button place-card__bookmark-button--active"
  type="button"
>
  <svg
    className="place-card__bookmark-icon"
    height="19"
    onClick={[Function]}
    width="18"
  >
    <use
      xlinkHref="#icon-bookmark"
    />
  </svg>
  <span
    className="visually-hidden"
  >
    To bookmarks
  </span>
</button>
`;
